
D:\CoGGSafe\frontend\android>if "Windows_NT" == "Windows_NT" setlocal

D:\CoGGSafe\frontend\android>set DIRNAME=D:\CoGGSafe\frontend\android\ 

D:\CoGGSafe\frontend\android>if "D:\CoGGSafe\frontend\android\" == "" set DIRNAME=. 

D:\CoGGSafe\frontend\android>set APP_BASE_NAME=gradlew 

D:\CoGGSafe\frontend\android>set APP_HOME=D:\CoGGSafe\frontend\android\ 

D:\CoGGSafe\frontend\android>for %i in ("D:\CoGGSafe\frontend\android\") do set APP_HOME=%~fi 

D:\CoGGSafe\frontend\android>set APP_HOME=D:\CoGGSafe\frontend\android\ 

D:\CoGGSafe\frontend\android>set DEFAULT_JVM_OPTS="-Xmx64m" "-Xms64m" 

D:\CoGGSafe\frontend\android>if defined JAVA_HOME goto findJavaFromJavaHome 

D:\CoGGSafe\frontend\android>set JAVA_HOME=C:\Program Files\Microsoft\jdk-17.0.20.8-hotspot\ 

D:\CoGGSafe\frontend\android>set JAVA_EXE=C:\Program Files\Microsoft\jdk-17.0.20.8-hotspot\/bin/java.exe 

D:\CoGGSafe\frontend\android>if exist "C:\Program Files\Microsoft\jdk-17.0.20.8-hotspot\/bin/java.exe" goto execute 

D:\CoGGSafe\frontend\android>"C:\Program Files\Microsoft\jdk-17.0.20.8-hotspot\/bin/java.exe" "-Xmx64m" "-Xms64m"   "-Dorg.gradle.appname=gradlew" -jar "D:\CoGGSafe\frontend\android\\gradle\wrapper\gradle-wrapper.jar" :app:assembleRelease --console=plain 
> Task :gradle-plugin:settings-plugin:checkKotlinGradlePluginConfigurationErrors SKIPPED
> Task :gradle-plugin:settings-plugin:pluginDescriptors UP-TO-DATE
> Task :gradle-plugin:settings-plugin:processResources UP-TO-DATE
> Task :gradle-plugin:shared:checkKotlinGradlePluginConfigurationErrors SKIPPED
> Task :gradle-plugin:shared:compileKotlin UP-TO-DATE
> Task :gradle-plugin:shared:compileJava NO-SOURCE
> Task :gradle-plugin:shared:processResources NO-SOURCE
> Task :gradle-plugin:shared:classes UP-TO-DATE
> Task :gradle-plugin:shared:jar UP-TO-DATE
> Task :gradle-plugin:settings-plugin:compileKotlin UP-TO-DATE
> Task :gradle-plugin:settings-plugin:compileJava NO-SOURCE
> Task :gradle-plugin:settings-plugin:classes UP-TO-DATE
> Task :gradle-plugin:settings-plugin:jar UP-TO-DATE
> Task :gradle-plugin:react-native-gradle-plugin:checkKotlinGradlePluginConfigurationErrors SKIPPED
> Task :gradle-plugin:react-native-gradle-plugin:compileKotlin UP-TO-DATE
> Task :gradle-plugin:react-native-gradle-plugin:compileJava NO-SOURCE
> Task :gradle-plugin:react-native-gradle-plugin:pluginDescriptors UP-TO-DATE
> Task :gradle-plugin:react-native-gradle-plugin:processResources UP-TO-DATE
> Task :gradle-plugin:react-native-gradle-plugin:classes UP-TO-DATE
> Task :gradle-plugin:react-native-gradle-plugin:jar UP-TO-DATE

> Configure project :app
WARNING: The option setting 'android.builtInKotlin=false' is deprecated.
The current default is 'true'.
It will be removed in version 10.0 of the Android Gradle plugin.
WARNING: The option setting 'android.newDsl=false' is deprecated.
The current default is 'true'.
It will be removed in version 10.0 of the Android Gradle plugin.
WARNING: API 'applicationVariants' is obsolete and has been replaced with 'AndroidComponentsExtension'.
It will be removed in version 10.0 of the Android Gradle plugin.
The legacy variant API is disabled by default in AGP 9.0, but can be re-enabled by adding 
    android.newDsl=false
to this project's gradle.properties file.
For more information, see http://developer.android.com/build/r/new-dsl.

To determine what is calling applicationVariants, use -Pandroid.debug.obsoleteApi=true on the command line to display more information.
WARNING: API 'testVariants' is obsolete and has been replaced with 'AndroidComponentsExtension'.
It will be removed in version 10.0 of the Android Gradle plugin.
The legacy variant API is disabled by default in AGP 9.0, but can be re-enabled by adding 
    android.newDsl=false
to this project's gradle.properties file.
For more information, see http://developer.android.com/build/r/new-dsl.

To determine what is calling testVariants, use -Pandroid.debug.obsoleteApi=true on the command line to display more information.
WARNING: API 'unitTestVariants' is obsolete and has been replaced with 'AndroidComponentsExtension'.
It will be removed in version 10.0 of the Android Gradle plugin.
The legacy variant API is disabled by default in AGP 9.0, but can be re-enabled by adding 
    android.newDsl=false
to this project's gradle.properties file.
For more information, see http://developer.android.com/build/r/new-dsl.

To determine what is calling unitTestVariants, use -Pandroid.debug.obsoleteApi=true on the command line to display more information.
Reading env from: .env

> Configure project :react-native-firebase_app
:react-native-firebase_app package.json found at D:\CoGGSafe\frontend\node_modules\@react-native-firebase\app\package.json
:react-native-firebase_app:firebase.bom using default value: 33.13.0
:react-native-firebase_app:play.play-services-auth using default value: 21.3.0
:react-native-firebase_app package.json found at D:\CoGGSafe\frontend\node_modules\@react-native-firebase\app\package.json
:react-native-firebase_app:version set from package.json: 22.0.0 (22,0,0 - 22000000)
:react-native-firebase_app:android.compileSdk using custom value: 37
:react-native-firebase_app:android.targetSdk using custom value: 34
:react-native-firebase_app:android.minSdk using custom value: 24
:react-native-firebase_app:reactNativeAndroidDir D:\CoGGSafe\frontend\node_modules\react-native

> Configure project :react-native-firebase_messaging
:react-native-firebase_messaging package.json found at D:\CoGGSafe\frontend\node_modules\@react-native-firebase\messaging\package.json
:react-native-firebase_app package.json found at D:\CoGGSafe\frontend\node_modules\@react-native-firebase\app\package.json
:react-native-firebase_messaging:firebase.bom using default value: 33.13.0
:react-native-firebase_messaging package.json found at D:\CoGGSafe\frontend\node_modules\@react-native-firebase\messaging\package.json
:react-native-firebase_messaging:version set from package.json: 22.0.0 (22,0,0 - 22000000)
:react-native-firebase_messaging:android.compileSdk using custom value: 37
:react-native-firebase_messaging:android.targetSdk using custom value: 34
:react-native-firebase_messaging:android.minSdk using custom value: 24
:react-native-firebase_messaging:reactNativeAndroidDir D:\CoGGSafe\frontend\node_modules\react-native

> Configure project :react-native-keychain
WARNING: API 'libraryVariants' is obsolete and has been replaced with 'AndroidComponentsExtension'.
It will be removed in version 10.0 of the Android Gradle plugin.
The legacy variant API is disabled by default in AGP 9.0, but can be re-enabled by adding 
    android.newDsl=false
to this project's gradle.properties file.
For more information, see http://developer.android.com/build/r/new-dsl.

To determine what is calling libraryVariants, use -Pandroid.debug.obsoleteApi=true on the command line to display more information.
WARNING: The specified Android SDK Build Tools version (34.0.0) is ignored, as it is below the minimum supported version (36.0.0) for Android Gradle Plugin 9.2.1.
Android SDK Build Tools 36.0.0 will be used.
To suppress this warning, remove "buildToolsVersion '34.0.0'" from your build.gradle file, as each version of the Android Gradle Plugin now has a default version of the build tools.

> Task :app:generateAutolinkingNewArchitectureFiles UP-TO-DATE
> Task :app:generateAutolinkingPackageList UP-TO-DATE
> Task :app:generateCodegenSchemaFromJavaScript SKIPPED
> Task :app:generateCodegenArtifactsFromSchema SKIPPED
> Task :app:generateReactNativeEntryPoint UP-TO-DATE
> Task :react-native-clipboard_clipboard:generateCodegenSchemaFromJavaScript UP-TO-DATE
> Task :react-native-community_geolocation:generateCodegenSchemaFromJavaScript UP-TO-DATE
> Task :react-native-async-storage_async-storage:generateCodegenSchemaFromJavaScript UP-TO-DATE
> Task :react-native-clipboard_clipboard:generateCodegenArtifactsFromSchema UP-TO-DATE
> Task :react-native-clipboard_clipboard:preBuild UP-TO-DATE
> Task :react-native-community_netinfo:generateCodegenSchemaFromJavaScript UP-TO-DATE
> Task :react-native-community_geolocation:generateCodegenArtifactsFromSchema UP-TO-DATE
> Task :react-native-community_geolocation:preBuild UP-TO-DATE
> Task :react-native-firebase_app:preBuild UP-TO-DATE
> Task :react-native-firebase_messaging:preBuild UP-TO-DATE
> Task :react-native-fs:preBuild UP-TO-DATE
> Task :react-native-config:generateCodegenSchemaFromJavaScript UP-TO-DATE
> Task :react-native-keychain:generateCodegenSchemaFromJavaScript UP-TO-DATE
> Task :react-native-community_netinfo:generateCodegenArtifactsFromSchema UP-TO-DATE
> Task :react-native-community_netinfo:preBuild UP-TO-DATE
> Task :react-native-config:generateCodegenArtifactsFromSchema UP-TO-DATE
> Task :react-native-maps:generateCodegenSchemaFromJavaScript SKIPPED
> Task :react-native-config:preBuild UP-TO-DATE
> Task :react-native-keychain:generateCodegenArtifactsFromSchema UP-TO-DATE
> Task :react-native-async-storage_async-storage:generateCodegenArtifactsFromSchema UP-TO-DATE
> Task :react-native-keychain:preBuild UP-TO-DATE
> Task :react-native-async-storage_async-storage:preBuild UP-TO-DATE
> Task :react-native-track-player:preBuild UP-TO-DATE
> Task :react-native-sound:preBuild UP-TO-DATE
> Task :react-native-maps:generateCodegenArtifactsFromSchema SKIPPED
> Task :react-native-maps:preBuild UP-TO-DATE
> Task :react-native-async-storage_async-storage:preReleaseBuild UP-TO-DATE
> Task :react-native-safe-area-context:generateCodegenSchemaFromJavaScript UP-TO-DATE
> Task :react-native-vector-icons:generateCodegenSchemaFromJavaScript UP-TO-DATE
> Task :react-native-webview:generateCodegenSchemaFromJavaScript UP-TO-DATE
> Task :react-native-async-storage_async-storage:mergeReleaseJniLibFolders UP-TO-DATE
> Task :react-native-safe-area-context:generateCodegenArtifactsFromSchema UP-TO-DATE
> Task :react-native-safe-area-context:preBuild UP-TO-DATE
> Task :react-native-clipboard_clipboard:preReleaseBuild UP-TO-DATE
> Task :react-native-async-storage_async-storage:mergeReleaseNativeLibs NO-SOURCE
> Task :react-native-async-storage_async-storage:copyReleaseJniLibsProjectOnly UP-TO-DATE
> Task :react-native-community_geolocation:preReleaseBuild UP-TO-DATE
> Task :react-native-webview:generateCodegenArtifactsFromSchema UP-TO-DATE
> Task :react-native-webview:preBuild UP-TO-DATE
> Task :react-native-community_netinfo:preReleaseBuild UP-TO-DATE
> Task :react-native-vector-icons:generateCodegenArtifactsFromSchema UP-TO-DATE
> Task :react-native-vector-icons:preBuild UP-TO-DATE
> Task :app:preBuild UP-TO-DATE
> Task :app:preReleaseBuild UP-TO-DATE
> Task :react-native-clipboard_clipboard:mergeReleaseJniLibFolders UP-TO-DATE
> Task :react-native-clipboard_clipboard:mergeReleaseNativeLibs NO-SOURCE
> Task :react-native-clipboard_clipboard:copyReleaseJniLibsProjectOnly UP-TO-DATE
> Task :react-native-config:preReleaseBuild UP-TO-DATE
> Task :react-native-config:mergeReleaseJniLibFolders UP-TO-DATE
> Task :react-native-community_geolocation:mergeReleaseJniLibFolders UP-TO-DATE
> Task :react-native-community_geolocation:mergeReleaseNativeLibs NO-SOURCE
> Task :react-native-config:mergeReleaseNativeLibs NO-SOURCE
> Task :react-native-community_geolocation:copyReleaseJniLibsProjectOnly UP-TO-DATE
> Task :react-native-config:copyReleaseJniLibsProjectOnly UP-TO-DATE
> Task :react-native-firebase_app:preReleaseBuild UP-TO-DATE
> Task :react-native-firebase_messaging:preReleaseBuild UP-TO-DATE
> Task :react-native-community_netinfo:mergeReleaseJniLibFolders UP-TO-DATE
> Task :react-native-community_netinfo:mergeReleaseNativeLibs NO-SOURCE
> Task :react-native-community_netinfo:copyReleaseJniLibsProjectOnly UP-TO-DATE
> Task :react-native-fs:preReleaseBuild UP-TO-DATE
> Task :react-native-firebase_app:mergeReleaseJniLibFolders UP-TO-DATE
> Task :react-native-firebase_app:mergeReleaseNativeLibs NO-SOURCE
> Task :react-native-firebase_app:copyReleaseJniLibsProjectOnly UP-TO-DATE
> Task :react-native-keychain:preReleaseBuild UP-TO-DATE
> Task :react-native-firebase_messaging:mergeReleaseJniLibFolders UP-TO-DATE
> Task :react-native-firebase_messaging:mergeReleaseNativeLibs NO-SOURCE
> Task :react-native-firebase_messaging:copyReleaseJniLibsProjectOnly UP-TO-DATE
> Task :react-native-maps:preReleaseBuild UP-TO-DATE
> Task :react-native-fs:mergeReleaseJniLibFolders UP-TO-DATE
> Task :react-native-fs:mergeReleaseNativeLibs NO-SOURCE
> Task :react-native-fs:copyReleaseJniLibsProjectOnly UP-TO-DATE
> Task :react-native-safe-area-context:preReleaseBuild UP-TO-DATE
> Task :react-native-keychain:mergeReleaseJniLibFolders UP-TO-DATE
> Task :react-native-maps:mergeReleaseJniLibFolders UP-TO-DATE
> Task :react-native-keychain:mergeReleaseNativeLibs NO-SOURCE
> Task :react-native-maps:mergeReleaseNativeLibs NO-SOURCE
> Task :react-native-keychain:copyReleaseJniLibsProjectOnly UP-TO-DATE
> Task :react-native-sound:preReleaseBuild UP-TO-DATE
> Task :react-native-maps:copyReleaseJniLibsProjectOnly UP-TO-DATE
> Task :react-native-track-player:preReleaseBuild UP-TO-DATE
> Task :react-native-safe-area-context:mergeReleaseJniLibFolders UP-TO-DATE
> Task :react-native-safe-area-context:mergeReleaseNativeLibs NO-SOURCE
> Task :react-native-sound:mergeReleaseJniLibFolders UP-TO-DATE
> Task :react-native-safe-area-context:copyReleaseJniLibsProjectOnly UP-TO-DATE
> Task :react-native-vector-icons:preReleaseBuild UP-TO-DATE
> Task :react-native-sound:mergeReleaseNativeLibs NO-SOURCE
> Task :react-native-sound:copyReleaseJniLibsProjectOnly UP-TO-DATE
> Task :react-native-track-player:mergeReleaseJniLibFolders UP-TO-DATE
> Task :react-native-webview:preReleaseBuild UP-TO-DATE
> Task :react-native-track-player:mergeReleaseNativeLibs NO-SOURCE
> Task :react-native-track-player:copyReleaseJniLibsProjectOnly UP-TO-DATE
> Task :react-native-async-storage_async-storage:generateReleaseBuildConfig UP-TO-DATE
> Task :react-native-async-storage_async-storage:generateReleaseResources UP-TO-DATE
> Task :react-native-vector-icons:mergeReleaseJniLibFolders UP-TO-DATE
> Task :react-native-vector-icons:mergeReleaseNativeLibs NO-SOURCE
> Task :react-native-vector-icons:copyReleaseJniLibsProjectOnly UP-TO-DATE
> Task :react-native-webview:mergeReleaseJniLibFolders UP-TO-DATE
> Task :react-native-webview:mergeReleaseNativeLibs NO-SOURCE
> Task :react-native-clipboard_clipboard:generateReleaseBuildConfig UP-TO-DATE
> Task :react-native-async-storage_async-storage:packageReleaseResources UP-TO-DATE
> Task :react-native-clipboard_clipboard:generateReleaseResources UP-TO-DATE
> Task :react-native-async-storage_async-storage:processReleaseNavigationResources UP-TO-DATE
> Task :react-native-webview:copyReleaseJniLibsProjectOnly UP-TO-DATE
> Task :react-native-community_geolocation:generateReleaseBuildConfig UP-TO-DATE
> Task :react-native-community_geolocation:generateReleaseResources UP-TO-DATE
> Task :react-native-async-storage_async-storage:parseReleaseLocalResources UP-TO-DATE
> Task :react-native-async-storage_async-storage:generateReleaseRFile UP-TO-DATE
> Task :react-native-async-storage_async-storage:javaPreCompileRelease UP-TO-DATE
> Task :react-native-clipboard_clipboard:packageReleaseResources UP-TO-DATE
> Task :react-native-clipboard_clipboard:processReleaseNavigationResources UP-TO-DATE
> Task :react-native-clipboard_clipboard:parseReleaseLocalResources UP-TO-DATE
> Task :react-native-clipboard_clipboard:generateReleaseRFile UP-TO-DATE
> Task :react-native-community_geolocation:packageReleaseResources UP-TO-DATE
> Task :react-native-community_geolocation:processReleaseNavigationResources UP-TO-DATE
> Task :react-native-clipboard_clipboard:javaPreCompileRelease UP-TO-DATE
> Task :react-native-community_geolocation:parseReleaseLocalResources UP-TO-DATE
> Task :react-native-community_geolocation:generateReleaseRFile UP-TO-DATE
> Task :react-native-community_geolocation:javaPreCompileRelease UP-TO-DATE
> Task :react-native-clipboard_clipboard:compileReleaseJavaWithJavac UP-TO-DATE
> Task :react-native-community_geolocation:compileReleaseJavaWithJavac UP-TO-DATE
> Task :react-native-async-storage_async-storage:compileReleaseJavaWithJavac UP-TO-DATE
> Task :react-native-async-storage_async-storage:bundleLibRuntimeToDirRelease UP-TO-DATE
> Task :react-native-clipboard_clipboard:bundleLibRuntimeToDirRelease UP-TO-DATE
> Task :react-native-community_geolocation:bundleLibRuntimeToDirRelease UP-TO-DATE
> Task :react-native-community_netinfo:generateReleaseBuildConfig UP-TO-DATE
> Task :react-native-firebase_app:generateReleaseBuildConfig UP-TO-DATE
> Task :react-native-firebase_app:generateReleaseResources UP-TO-DATE
> Task :react-native-community_netinfo:generateReleaseResources UP-TO-DATE
> Task :react-native-firebase_messaging:generateReleaseBuildConfig UP-TO-DATE
> Task :react-native-firebase_app:packageReleaseResources UP-TO-DATE
> Task :react-native-firebase_messaging:generateReleaseResources UP-TO-DATE
> Task :react-native-firebase_app:processReleaseNavigationResources UP-TO-DATE
> Task :react-native-community_netinfo:packageReleaseResources UP-TO-DATE
> Task :react-native-community_netinfo:processReleaseNavigationResources UP-TO-DATE
> Task :react-native-firebase_app:parseReleaseLocalResources UP-TO-DATE
> Task :react-native-firebase_app:generateReleaseRFile UP-TO-DATE
> Task :react-native-community_netinfo:parseReleaseLocalResources UP-TO-DATE
> Task :react-native-firebase_app:javaPreCompileRelease UP-TO-DATE
> Task :react-native-firebase_messaging:packageReleaseResources UP-TO-DATE
> Task :react-native-community_netinfo:generateReleaseRFile UP-TO-DATE
> Task :react-native-firebase_messaging:processReleaseNavigationResources UP-TO-DATE
> Task :react-native-community_netinfo:javaPreCompileRelease UP-TO-DATE
> Task :react-native-firebase_messaging:parseReleaseLocalResources UP-TO-DATE
> Task :react-native-firebase_messaging:generateReleaseRFile UP-TO-DATE
> Task :react-native-firebase_messaging:javaPreCompileRelease UP-TO-DATE
> Task :react-native-config:generateReleaseBuildConfig UP-TO-DATE
> Task :react-native-config:generateReleaseResources UP-TO-DATE
> Task :react-native-config:packageReleaseResources UP-TO-DATE
> Task :react-native-config:processReleaseNavigationResources UP-TO-DATE
> Task :react-native-config:parseReleaseLocalResources UP-TO-DATE
> Task :react-native-config:generateReleaseRFile UP-TO-DATE
> Task :react-native-community_netinfo:compileReleaseJavaWithJavac UP-TO-DATE
> Task :react-native-config:javaPreCompileRelease UP-TO-DATE
> Task :react-native-community_netinfo:bundleLibRuntimeToDirRelease UP-TO-DATE
> Task :react-native-firebase_app:compileReleaseJavaWithJavac UP-TO-DATE
> Task :react-native-firebase_app:bundleLibCompileToJarRelease UP-TO-DATE
> Task :react-native-config:compileReleaseJavaWithJavac UP-TO-DATE
> Task :react-native-config:bundleLibRuntimeToDirRelease UP-TO-DATE
> Task :react-native-firebase_app:bundleLibRuntimeToDirRelease UP-TO-DATE
> Task :react-native-fs:generateReleaseResources UP-TO-DATE
> Task :react-native-keychain:checkKotlinGradlePluginConfigurationErrors SKIPPED
> Task :react-native-firebase_messaging:compileReleaseJavaWithJavac UP-TO-DATE
> Task :react-native-keychain:generateReleaseBuildConfig UP-TO-DATE
> Task :react-native-firebase_messaging:bundleLibRuntimeToDirRelease UP-TO-DATE
> Task :react-native-keychain:generateReleaseResources UP-TO-DATE
> Task :react-native-maps:checkKotlinGradlePluginConfigurationErrors SKIPPED
> Task :react-native-keychain:packageReleaseResources UP-TO-DATE
> Task :react-native-maps:generateReleaseBuildConfig UP-TO-DATE
> Task :react-native-fs:packageReleaseResources UP-TO-DATE
> Task :react-native-keychain:processReleaseNavigationResources UP-TO-DATE
> Task :react-native-fs:processReleaseNavigationResources UP-TO-DATE
> Task :react-native-maps:generateReleaseResources UP-TO-DATE
> Task :react-native-keychain:parseReleaseLocalResources UP-TO-DATE
> Task :react-native-fs:parseReleaseLocalResources UP-TO-DATE
> Task :react-native-keychain:generateReleaseRFile UP-TO-DATE
> Task :react-native-fs:generateReleaseRFile UP-TO-DATE
> Task :react-native-fs:javaPreCompileRelease UP-TO-DATE
> Task :react-native-maps:packageReleaseResources UP-TO-DATE
> Task :react-native-maps:processReleaseNavigationResources UP-TO-DATE
> Task :react-native-maps:parseReleaseLocalResources UP-TO-DATE
> Task :react-native-maps:generateReleaseRFile UP-TO-DATE
> Task :react-native-maps:compileReleaseKotlin NO-SOURCE
> Task :react-native-maps:javaPreCompileRelease UP-TO-DATE
> Task :react-native-fs:compileReleaseJavaWithJavac UP-TO-DATE
> Task :react-native-fs:bundleLibRuntimeToDirRelease UP-TO-DATE
> Task :react-native-safe-area-context:checkKotlinGradlePluginConfigurationErrors SKIPPED
> Task :react-native-safe-area-context:generateReleaseBuildConfig UP-TO-DATE
> Task :react-native-safe-area-context:generateReleaseResources UP-TO-DATE
> Task :react-native-safe-area-context:packageReleaseResources UP-TO-DATE
> Task :react-native-safe-area-context:processReleaseNavigationResources UP-TO-DATE
> Task :react-native-safe-area-context:parseReleaseLocalResources UP-TO-DATE
> Task :react-native-safe-area-context:generateReleaseRFile UP-TO-DATE
> Task :react-native-maps:compileReleaseJavaWithJavac UP-TO-DATE
> Task :react-native-maps:bundleLibRuntimeToDirRelease UP-TO-DATE
> Task :react-native-sound:generateReleaseResources UP-TO-DATE
> Task :react-native-sound:packageReleaseResources UP-TO-DATE
> Task :react-native-sound:processReleaseNavigationResources UP-TO-DATE
> Task :react-native-safe-area-context:compileReleaseKotlin UP-TO-DATE
> Task :react-native-sound:parseReleaseLocalResources UP-TO-DATE
> Task :react-native-safe-area-context:javaPreCompileRelease UP-TO-DATE
> Task :react-native-sound:generateReleaseRFile UP-TO-DATE
> Task :react-native-sound:javaPreCompileRelease UP-TO-DATE
> Task :react-native-sound:compileReleaseJavaWithJavac UP-TO-DATE
> Task :react-native-sound:bundleLibRuntimeToDirRelease UP-TO-DATE
> Task :react-native-track-player:checkKotlinGradlePluginConfigurationErrors SKIPPED
> Task :react-native-track-player:generateReleaseResources UP-TO-DATE
> Task :react-native-safe-area-context:compileReleaseJavaWithJavac UP-TO-DATE
> Task :react-native-safe-area-context:bundleLibRuntimeToDirRelease UP-TO-DATE
> Task :react-native-track-player:packageReleaseResources UP-TO-DATE
> Task :react-native-keychain:compileReleaseKotlin UP-TO-DATE
> Task :react-native-track-player:processReleaseNavigationResources UP-TO-DATE
> Task :react-native-keychain:javaPreCompileRelease UP-TO-DATE
> Task :react-native-track-player:parseReleaseLocalResources UP-TO-DATE
> Task :react-native-vector-icons:generateReleaseBuildConfig UP-TO-DATE
> Task :react-native-vector-icons:generateReleaseResources UP-TO-DATE
> Task :react-native-keychain:compileReleaseJavaWithJavac UP-TO-DATE
> Task :react-native-vector-icons:packageReleaseResources UP-TO-DATE
> Task :react-native-vector-icons:processReleaseNavigationResources UP-TO-DATE
> Task :react-native-track-player:generateReleaseRFile UP-TO-DATE
> Task :react-native-vector-icons:parseReleaseLocalResources UP-TO-DATE
> Task :react-native-keychain:bundleLibRuntimeToDirRelease UP-TO-DATE
> Task :react-native-vector-icons:generateReleaseRFile UP-TO-DATE
> Task :react-native-vector-icons:javaPreCompileRelease UP-TO-DATE
> Task :react-native-webview:checkKotlinGradlePluginConfigurationErrors SKIPPED
> Task :react-native-webview:generateReleaseBuildConfig UP-TO-DATE
> Task :react-native-webview:generateReleaseResources UP-TO-DATE
> Task :react-native-vector-icons:compileReleaseJavaWithJavac UP-TO-DATE
> Task :react-native-vector-icons:bundleLibRuntimeToDirRelease UP-TO-DATE
> Task :react-native-webview:packageReleaseResources UP-TO-DATE
> Task :react-native-webview:processReleaseNavigationResources UP-TO-DATE
> Task :react-native-async-storage_async-storage:bundleLibCompileToJarRelease UP-TO-DATE
> Task :react-native-webview:parseReleaseLocalResources UP-TO-DATE
> Task :react-native-clipboard_clipboard:bundleLibCompileToJarRelease UP-TO-DATE
> Task :react-native-webview:generateReleaseRFile UP-TO-DATE
> Task :react-native-community_geolocation:bundleLibCompileToJarRelease UP-TO-DATE
> Task :react-native-community_netinfo:bundleLibCompileToJarRelease UP-TO-DATE
> Task :react-native-config:bundleLibCompileToJarRelease UP-TO-DATE
> Task :react-native-firebase_messaging:bundleLibCompileToJarRelease UP-TO-DATE
> Task :react-native-fs:bundleLibCompileToJarRelease UP-TO-DATE
> Task :react-native-keychain:bundleLibCompileToJarRelease UP-TO-DATE
> Task :react-native-maps:bundleLibCompileToJarRelease UP-TO-DATE
> Task :react-native-safe-area-context:bundleLibCompileToJarRelease UP-TO-DATE
> Task :react-native-sound:bundleLibCompileToJarRelease UP-TO-DATE
> Task :react-native-vector-icons:bundleLibCompileToJarRelease UP-TO-DATE
> Task :react-native-async-storage_async-storage:writeReleaseAarMetadata UP-TO-DATE
> Task :react-native-clipboard_clipboard:writeReleaseAarMetadata UP-TO-DATE
> Task :react-native-community_geolocation:writeReleaseAarMetadata UP-TO-DATE
> Task :react-native-community_netinfo:writeReleaseAarMetadata UP-TO-DATE
> Task :react-native-config:writeReleaseAarMetadata UP-TO-DATE
> Task :react-native-firebase_app:writeReleaseAarMetadata UP-TO-DATE
> Task :react-native-firebase_messaging:writeReleaseAarMetadata UP-TO-DATE
> Task :react-native-fs:writeReleaseAarMetadata UP-TO-DATE
> Task :react-native-keychain:writeReleaseAarMetadata UP-TO-DATE
> Task :react-native-maps:writeReleaseAarMetadata UP-TO-DATE
> Task :react-native-safe-area-context:writeReleaseAarMetadata UP-TO-DATE
> Task :react-native-sound:writeReleaseAarMetadata UP-TO-DATE
> Task :react-native-vector-icons:writeReleaseAarMetadata UP-TO-DATE
> Task :react-native-async-storage_async-storage:extractDeepLinksRelease UP-TO-DATE
> Task :react-native-async-storage_async-storage:processReleaseManifest UP-TO-DATE
> Task :react-native-track-player:compileReleaseKotlin UP-TO-DATE
> Task :react-native-clipboard_clipboard:extractDeepLinksRelease UP-TO-DATE
> Task :react-native-track-player:javaPreCompileRelease UP-TO-DATE
> Task :react-native-track-player:compileReleaseJavaWithJavac NO-SOURCE
> Task :react-native-clipboard_clipboard:processReleaseManifest UP-TO-DATE
> Task :react-native-community_geolocation:extractDeepLinksRelease UP-TO-DATE
> Task :react-native-community_geolocation:processReleaseManifest UP-TO-DATE
> Task :react-native-community_netinfo:extractDeepLinksRelease UP-TO-DATE
> Task :react-native-track-player:bundleLibRuntimeToDirRelease UP-TO-DATE
> Task :react-native-community_netinfo:processReleaseManifest UP-TO-DATE
> Task :react-native-webview:compileReleaseKotlin UP-TO-DATE
> Task :react-native-track-player:bundleLibCompileToJarRelease UP-TO-DATE
> Task :react-native-track-player:writeReleaseAarMetadata UP-TO-DATE
> Task :react-native-config:extractDeepLinksRelease UP-TO-DATE
> Task :react-native-config:processReleaseManifest UP-TO-DATE
> Task :react-native-webview:javaPreCompileRelease UP-TO-DATE
> Task :react-native-firebase_app:extractDeepLinksRelease UP-TO-DATE
> Task :react-native-firebase_app:processReleaseManifest UP-TO-DATE
> Task :react-native-firebase_messaging:extractDeepLinksRelease UP-TO-DATE
> Task :react-native-webview:compileReleaseJavaWithJavac UP-TO-DATE
> Task :react-native-firebase_messaging:processReleaseManifest UP-TO-DATE
> Task :react-native-fs:extractDeepLinksRelease UP-TO-DATE
> Task :react-native-keychain:extractDeepLinksRelease UP-TO-DATE
> Task :react-native-fs:processReleaseManifest UP-TO-DATE
> Task :react-native-maps:extractDeepLinksRelease UP-TO-DATE
> Task :react-native-webview:bundleLibRuntimeToDirRelease UP-TO-DATE
> Task :react-native-maps:processReleaseManifest UP-TO-DATE
> Task :react-native-webview:bundleLibCompileToJarRelease UP-TO-DATE
> Task :react-native-webview:writeReleaseAarMetadata UP-TO-DATE
> Task :react-native-safe-area-context:extractDeepLinksRelease UP-TO-DATE
> Task :react-native-keychain:processReleaseManifest UP-TO-DATE
> Task :react-native-track-player:extractDeepLinksRelease UP-TO-DATE
> Task :react-native-sound:extractDeepLinksRelease UP-TO-DATE
> Task :react-native-safe-area-context:processReleaseManifest UP-TO-DATE
> Task :react-native-vector-icons:extractDeepLinksRelease UP-TO-DATE
> Task :react-native-track-player:processReleaseManifest UP-TO-DATE
> Task :react-native-webview:extractDeepLinksRelease UP-TO-DATE
> Task :react-native-sound:processReleaseManifest UP-TO-DATE
> Task :react-native-async-storage_async-storage:mapReleaseSourceSetPaths UP-TO-DATE
> Task :react-native-vector-icons:processReleaseManifest UP-TO-DATE
> Task :react-native-webview:processReleaseManifest UP-TO-DATE
> Task :react-native-async-storage_async-storage:compileReleaseLibraryResources UP-TO-DATE
> Task :react-native-clipboard_clipboard:mapReleaseSourceSetPaths UP-TO-DATE
> Task :react-native-clipboard_clipboard:compileReleaseLibraryResources UP-TO-DATE
> Task :react-native-community_geolocation:mapReleaseSourceSetPaths UP-TO-DATE
> Task :react-native-community_netinfo:mapReleaseSourceSetPaths UP-TO-DATE
> Task :react-native-config:mapReleaseSourceSetPaths UP-TO-DATE
> Task :react-native-community_netinfo:compileReleaseLibraryResources UP-TO-DATE
> Task :react-native-config:compileReleaseLibraryResources UP-TO-DATE
> Task :react-native-community_geolocation:compileReleaseLibraryResources UP-TO-DATE
> Task :react-native-firebase_messaging:mapReleaseSourceSetPaths UP-TO-DATE
> Task :react-native-firebase_app:mapReleaseSourceSetPaths UP-TO-DATE
> Task :react-native-fs:mapReleaseSourceSetPaths UP-TO-DATE
> Task :react-native-firebase_app:compileReleaseLibraryResources UP-TO-DATE
> Task :react-native-firebase_messaging:compileReleaseLibraryResources UP-TO-DATE
> Task :react-native-fs:compileReleaseLibraryResources UP-TO-DATE
> Task :react-native-keychain:mapReleaseSourceSetPaths UP-TO-DATE
> Task :react-native-maps:mapReleaseSourceSetPaths UP-TO-DATE
> Task :react-native-safe-area-context:mapReleaseSourceSetPaths UP-TO-DATE
> Task :react-native-keychain:compileReleaseLibraryResources UP-TO-DATE
> Task :react-native-maps:compileReleaseLibraryResources UP-TO-DATE
> Task :react-native-safe-area-context:compileReleaseLibraryResources UP-TO-DATE
> Task :react-native-sound:mapReleaseSourceSetPaths UP-TO-DATE
> Task :react-native-track-player:mapReleaseSourceSetPaths UP-TO-DATE
> Task :react-native-sound:compileReleaseLibraryResources UP-TO-DATE
> Task :react-native-vector-icons:mapReleaseSourceSetPaths UP-TO-DATE
> Task :react-native-vector-icons:compileReleaseLibraryResources UP-TO-DATE
> Task :react-native-webview:mapReleaseSourceSetPaths UP-TO-DATE
> Task :react-native-track-player:compileReleaseLibraryResources UP-TO-DATE
> Task :react-native-async-storage_async-storage:prepareReleaseArtProfile UP-TO-DATE
> Task :react-native-clipboard_clipboard:prepareReleaseArtProfile UP-TO-DATE
> Task :react-native-webview:compileReleaseLibraryResources UP-TO-DATE
> Task :react-native-community_geolocation:prepareReleaseArtProfile UP-TO-DATE
> Task :react-native-community_netinfo:prepareReleaseArtProfile UP-TO-DATE
> Task :react-native-config:prepareReleaseArtProfile UP-TO-DATE
> Task :react-native-firebase_app:prepareReleaseArtProfile UP-TO-DATE
> Task :react-native-fs:prepareReleaseArtProfile UP-TO-DATE
> Task :react-native-keychain:prepareReleaseArtProfile UP-TO-DATE
> Task :react-native-maps:prepareReleaseArtProfile UP-TO-DATE
> Task :react-native-safe-area-context:prepareReleaseArtProfile UP-TO-DATE
> Task :react-native-track-player:prepareReleaseArtProfile UP-TO-DATE
> Task :react-native-sound:prepareReleaseArtProfile UP-TO-DATE
> Task :react-native-vector-icons:prepareReleaseArtProfile UP-TO-DATE
> Task :react-native-webview:prepareReleaseArtProfile UP-TO-DATE
> Task :react-native-firebase_messaging:prepareReleaseArtProfile UP-TO-DATE
> Task :react-native-async-storage_async-storage:bundleLibRuntimeToJarRelease UP-TO-DATE
> Task :react-native-clipboard_clipboard:bundleLibRuntimeToJarRelease UP-TO-DATE
> Task :react-native-community_geolocation:bundleLibRuntimeToJarRelease UP-TO-DATE
> Task :react-native-firebase_messaging:bundleLibRuntimeToJarRelease UP-TO-DATE
> Task :react-native-community_netinfo:bundleLibRuntimeToJarRelease UP-TO-DATE
> Task :react-native-firebase_app:bundleLibRuntimeToJarRelease UP-TO-DATE
> Task :react-native-config:bundleLibRuntimeToJarRelease UP-TO-DATE
> Task :react-native-fs:bundleLibRuntimeToJarRelease UP-TO-DATE
> Task :react-native-keychain:bundleLibRuntimeToJarRelease UP-TO-DATE
> Task :react-native-sound:bundleLibRuntimeToJarRelease UP-TO-DATE
> Task :react-native-safe-area-context:bundleLibRuntimeToJarRelease UP-TO-DATE
> Task :react-native-maps:bundleLibRuntimeToJarRelease UP-TO-DATE
> Task :react-native-track-player:bundleLibRuntimeToJarRelease UP-TO-DATE
> Task :react-native-webview:bundleLibRuntimeToJarRelease UP-TO-DATE
> Task :react-native-vector-icons:bundleLibRuntimeToJarRelease UP-TO-DATE
> Task :react-native-async-storage_async-storage:generateReleaseAssets UP-TO-DATE
> Task :react-native-clipboard_clipboard:generateReleaseAssets UP-TO-DATE
> Task :react-native-async-storage_async-storage:mergeReleaseAssets UP-TO-DATE
> Task :react-native-community_geolocation:generateReleaseAssets UP-TO-DATE
> Task :react-native-community_netinfo:generateReleaseAssets UP-TO-DATE
> Task :react-native-clipboard_clipboard:mergeReleaseAssets UP-TO-DATE
> Task :react-native-config:generateReleaseAssets UP-TO-DATE
> Task :react-native-community_geolocation:mergeReleaseAssets UP-TO-DATE
> Task :react-native-community_netinfo:mergeReleaseAssets UP-TO-DATE
> Task :react-native-firebase_messaging:generateReleaseAssets UP-TO-DATE
> Task :react-native-firebase_app:generateReleaseAssets UP-TO-DATE
> Task :react-native-config:mergeReleaseAssets UP-TO-DATE
> Task :react-native-firebase_messaging:mergeReleaseAssets UP-TO-DATE
> Task :react-native-firebase_app:mergeReleaseAssets UP-TO-DATE
> Task :react-native-keychain:generateReleaseAssets UP-TO-DATE
> Task :react-native-maps:generateReleaseAssets UP-TO-DATE
> Task :react-native-fs:generateReleaseAssets UP-TO-DATE
> Task :react-native-maps:mergeReleaseAssets UP-TO-DATE
> Task :react-native-fs:mergeReleaseAssets UP-TO-DATE
> Task :react-native-keychain:mergeReleaseAssets UP-TO-DATE
> Task :react-native-sound:generateReleaseAssets UP-TO-DATE
> Task :react-native-track-player:generateReleaseAssets UP-TO-DATE
> Task :react-native-safe-area-context:generateReleaseAssets UP-TO-DATE
> Task :react-native-safe-area-context:mergeReleaseAssets UP-TO-DATE
> Task :react-native-track-player:mergeReleaseAssets UP-TO-DATE
> Task :react-native-sound:mergeReleaseAssets UP-TO-DATE
> Task :react-native-vector-icons:generateReleaseAssets UP-TO-DATE
> Task :react-native-webview:generateReleaseAssets UP-TO-DATE
> Task :react-native-vector-icons:mergeReleaseAssets UP-TO-DATE
> Task :react-native-async-storage_async-storage:processReleaseJavaRes NO-SOURCE
> Task :react-native-webview:mergeReleaseAssets UP-TO-DATE
> Task :react-native-clipboard_clipboard:processReleaseJavaRes NO-SOURCE
> Task :react-native-community_geolocation:processReleaseJavaRes NO-SOURCE
> Task :react-native-async-storage_async-storage:createFullJarRelease UP-TO-DATE
> Task :react-native-clipboard_clipboard:createFullJarRelease UP-TO-DATE
> Task :react-native-community_geolocation:createFullJarRelease UP-TO-DATE
> Task :react-native-async-storage_async-storage:extractProguardFiles UP-TO-DATE
> Task :react-native-community_geolocation:extractProguardFiles UP-TO-DATE
> Task :react-native-clipboard_clipboard:extractProguardFiles UP-TO-DATE
> Task :react-native-clipboard_clipboard:generateReleaseLintModel UP-TO-DATE
> Task :react-native-clipboard_clipboard:prepareLintJarForPublish UP-TO-DATE
> Task :react-native-async-storage_async-storage:generateReleaseLintModel UP-TO-DATE
> Task :react-native-community_netinfo:processReleaseJavaRes NO-SOURCE
> Task :react-native-async-storage_async-storage:prepareLintJarForPublish UP-TO-DATE
> Task :react-native-config:processReleaseJavaRes NO-SOURCE
> Task :react-native-config:createFullJarRelease UP-TO-DATE
> Task :react-native-community_netinfo:createFullJarRelease UP-TO-DATE
> Task :react-native-community_netinfo:extractProguardFiles UP-TO-DATE
> Task :react-native-config:extractProguardFiles UP-TO-DATE
> Task :react-native-community_geolocation:generateReleaseLintModel UP-TO-DATE
> Task :react-native-community_geolocation:prepareLintJarForPublish UP-TO-DATE
> Task :react-native-firebase_app:processReleaseJavaRes NO-SOURCE
> Task :react-native-firebase_app:createFullJarRelease UP-TO-DATE
> Task :react-native-firebase_app:extractProguardFiles UP-TO-DATE
> Task :react-native-community_netinfo:generateReleaseLintModel UP-TO-DATE
> Task :react-native-community_netinfo:prepareLintJarForPublish UP-TO-DATE
> Task :react-native-firebase_messaging:processReleaseJavaRes NO-SOURCE
> Task :react-native-firebase_messaging:createFullJarRelease UP-TO-DATE
> Task :react-native-config:generateReleaseLintModel UP-TO-DATE
> Task :react-native-firebase_app:generateReleaseLintModel UP-TO-DATE
> Task :react-native-firebase_messaging:extractProguardFiles UP-TO-DATE
> Task :react-native-config:prepareLintJarForPublish UP-TO-DATE
> Task :react-native-firebase_app:prepareLintJarForPublish UP-TO-DATE
> Task :react-native-fs:processReleaseJavaRes NO-SOURCE
> Task :react-native-firebase_messaging:prepareLintJarForPublish UP-TO-DATE
> Task :react-native-fs:createFullJarRelease UP-TO-DATE
> Task :react-native-keychain:processReleaseJavaRes UP-TO-DATE
> Task :react-native-fs:extractProguardFiles UP-TO-DATE
> Task :react-native-keychain:createFullJarRelease UP-TO-DATE
> Task :react-native-keychain:extractProguardFiles UP-TO-DATE
> Task :react-native-fs:generateReleaseLintModel UP-TO-DATE
> Task :react-native-fs:prepareLintJarForPublish UP-TO-DATE
> Task :react-native-maps:processReleaseJavaRes NO-SOURCE
> Task :react-native-maps:createFullJarRelease UP-TO-DATE
> Task :react-native-maps:extractProguardFiles UP-TO-DATE
> Task :react-native-keychain:generateReleaseLintModel UP-TO-DATE
> Task :react-native-keychain:prepareLintJarForPublish UP-TO-DATE
> Task :react-native-safe-area-context:processReleaseJavaRes UP-TO-DATE
> Task :react-native-safe-area-context:createFullJarRelease UP-TO-DATE
> Task :react-native-safe-area-context:extractProguardFiles UP-TO-DATE
> Task :react-native-firebase_messaging:generateReleaseLintModel UP-TO-DATE
> Task :react-native-sound:processReleaseJavaRes NO-SOURCE
> Task :react-native-sound:createFullJarRelease UP-TO-DATE
> Task :react-native-sound:extractProguardFiles UP-TO-DATE
> Task :react-native-sound:generateReleaseLintModel UP-TO-DATE
> Task :react-native-sound:prepareLintJarForPublish UP-TO-DATE
> Task :react-native-track-player:processReleaseJavaRes UP-TO-DATE
> Task :react-native-track-player:createFullJarRelease UP-TO-DATE
> Task :react-native-track-player:extractProguardFiles UP-TO-DATE
> Task :react-native-safe-area-context:generateReleaseLintModel UP-TO-DATE
> Task :react-native-safe-area-context:prepareLintJarForPublish UP-TO-DATE
> Task :react-native-vector-icons:processReleaseJavaRes NO-SOURCE
> Task :react-native-vector-icons:createFullJarRelease UP-TO-DATE
> Task :react-native-maps:generateReleaseLintModel UP-TO-DATE
> Task :react-native-maps:prepareLintJarForPublish UP-TO-DATE
> Task :react-native-vector-icons:extractProguardFiles UP-TO-DATE
> Task :react-native-webview:processReleaseJavaRes UP-TO-DATE
> Task :react-native-webview:createFullJarRelease UP-TO-DATE
> Task :react-native-webview:extractProguardFiles UP-TO-DATE
> Task :react-native-vector-icons:generateReleaseLintModel UP-TO-DATE
> Task :react-native-vector-icons:prepareLintJarForPublish UP-TO-DATE
> Task :react-native-webview:generateReleaseLintModel UP-TO-DATE
> Task :react-native-webview:prepareLintJarForPublish UP-TO-DATE
> Task :react-native-async-storage_async-storage:checkReleaseAarMetadata UP-TO-DATE
> Task :react-native-async-storage_async-storage:stripReleaseDebugSymbols NO-SOURCE
> Task :react-native-async-storage_async-storage:copyReleaseJniLibsProjectAndLocalJars UP-TO-DATE
> Task :react-native-async-storage_async-storage:extractDeepLinksForAarRelease UP-TO-DATE
> Task :react-native-clipboard_clipboard:checkReleaseAarMetadata UP-TO-DATE
> Task :react-native-clipboard_clipboard:stripReleaseDebugSymbols NO-SOURCE
> Task :react-native-clipboard_clipboard:copyReleaseJniLibsProjectAndLocalJars UP-TO-DATE
> Task :react-native-clipboard_clipboard:extractDeepLinksForAarRelease UP-TO-DATE
> Task :react-native-track-player:generateReleaseLintModel UP-TO-DATE
> Task :react-native-track-player:prepareLintJarForPublish UP-TO-DATE
> Task :react-native-community_geolocation:checkReleaseAarMetadata UP-TO-DATE
> Task :react-native-community_geolocation:stripReleaseDebugSymbols NO-SOURCE
> Task :react-native-community_geolocation:copyReleaseJniLibsProjectAndLocalJars UP-TO-DATE
> Task :react-native-community_geolocation:extractDeepLinksForAarRelease UP-TO-DATE
> Task :react-native-clipboard_clipboard:extractReleaseAnnotations UP-TO-DATE
> Task :react-native-community_geolocation:extractReleaseAnnotations UP-TO-DATE
> Task :react-native-clipboard_clipboard:mergeReleaseGeneratedProguardFiles UP-TO-DATE
> Task :react-native-async-storage_async-storage:extractReleaseAnnotations UP-TO-DATE
> Task :react-native-clipboard_clipboard:mergeReleaseConsumerProguardFiles UP-TO-DATE
> Task :react-native-async-storage_async-storage:mergeReleaseGeneratedProguardFiles UP-TO-DATE
> Task :react-native-community_geolocation:mergeReleaseGeneratedProguardFiles UP-TO-DATE
> Task :react-native-async-storage_async-storage:mergeReleaseConsumerProguardFiles UP-TO-DATE
> Task :react-native-community_geolocation:mergeReleaseConsumerProguardFiles UP-TO-DATE
> Task :react-native-clipboard_clipboard:mergeReleaseJavaResource UP-TO-DATE
> Task :react-native-async-storage_async-storage:mergeReleaseJavaResource UP-TO-DATE
> Task :react-native-community_geolocation:mergeReleaseJavaResource UP-TO-DATE
> Task :react-native-clipboard_clipboard:syncReleaseLibJars UP-TO-DATE
> Task :react-native-async-storage_async-storage:syncReleaseLibJars UP-TO-DATE
> Task :react-native-community_geolocation:syncReleaseLibJars UP-TO-DATE
> Task :react-native-clipboard_clipboard:bundleReleaseLocalLintAar UP-TO-DATE
> Task :react-native-async-storage_async-storage:bundleReleaseLocalLintAar UP-TO-DATE
> Task :react-native-community_geolocation:bundleReleaseLocalLintAar UP-TO-DATE
> Task :react-native-community_netinfo:checkReleaseAarMetadata UP-TO-DATE
> Task :react-native-community_netinfo:stripReleaseDebugSymbols NO-SOURCE
> Task :react-native-community_netinfo:copyReleaseJniLibsProjectAndLocalJars UP-TO-DATE
> Task :react-native-firebase_messaging:checkReleaseAarMetadata UP-TO-DATE
> Task :react-native-firebase_app:checkReleaseAarMetadata UP-TO-DATE
> Task :react-native-firebase_messaging:stripReleaseDebugSymbols NO-SOURCE
> Task :react-native-firebase_app:stripReleaseDebugSymbols NO-SOURCE
> Task :react-native-community_netinfo:extractDeepLinksForAarRelease UP-TO-DATE
> Task :react-native-firebase_messaging:copyReleaseJniLibsProjectAndLocalJars UP-TO-DATE
> Task :react-native-firebase_app:copyReleaseJniLibsProjectAndLocalJars UP-TO-DATE
> Task :react-native-firebase_messaging:extractDeepLinksForAarRelease UP-TO-DATE
> Task :react-native-firebase_app:extractDeepLinksForAarRelease UP-TO-DATE
> Task :react-native-firebase_app:extractReleaseAnnotations UP-TO-DATE
> Task :react-native-firebase_messaging:extractReleaseAnnotations UP-TO-DATE
> Task :react-native-community_netinfo:extractReleaseAnnotations UP-TO-DATE
> Task :react-native-firebase_app:mergeReleaseGeneratedProguardFiles UP-TO-DATE
> Task :react-native-firebase_messaging:mergeReleaseGeneratedProguardFiles UP-TO-DATE
> Task :react-native-community_netinfo:mergeReleaseGeneratedProguardFiles UP-TO-DATE
> Task :react-native-firebase_app:mergeReleaseConsumerProguardFiles UP-TO-DATE
> Task :react-native-community_netinfo:mergeReleaseConsumerProguardFiles UP-TO-DATE
> Task :react-native-firebase_messaging:mergeReleaseConsumerProguardFiles UP-TO-DATE
> Task :react-native-community_netinfo:mergeReleaseJavaResource UP-TO-DATE
> Task :react-native-firebase_messaging:mergeReleaseJavaResource UP-TO-DATE
> Task :react-native-firebase_app:mergeReleaseJavaResource UP-TO-DATE
> Task :react-native-firebase_messaging:syncReleaseLibJars UP-TO-DATE
> Task :react-native-community_netinfo:syncReleaseLibJars UP-TO-DATE
> Task :react-native-firebase_app:syncReleaseLibJars UP-TO-DATE
> Task :react-native-firebase_messaging:bundleReleaseLocalLintAar UP-TO-DATE
> Task :react-native-community_netinfo:bundleReleaseLocalLintAar UP-TO-DATE
> Task :react-native-firebase_app:bundleReleaseLocalLintAar UP-TO-DATE
> Task :react-native-fs:checkReleaseAarMetadata UP-TO-DATE
> Task :react-native-fs:stripReleaseDebugSymbols NO-SOURCE
> Task :react-native-config:checkReleaseAarMetadata UP-TO-DATE
> Task :react-native-keychain:checkReleaseAarMetadata UP-TO-DATE
> Task :react-native-config:stripReleaseDebugSymbols NO-SOURCE
> Task :react-native-keychain:stripReleaseDebugSymbols NO-SOURCE
> Task :react-native-fs:copyReleaseJniLibsProjectAndLocalJars UP-TO-DATE
> Task :react-native-config:copyReleaseJniLibsProjectAndLocalJars UP-TO-DATE
> Task :react-native-keychain:copyReleaseJniLibsProjectAndLocalJars UP-TO-DATE
> Task :react-native-fs:extractDeepLinksForAarRelease UP-TO-DATE
> Task :react-native-config:extractDeepLinksForAarRelease UP-TO-DATE
> Task :react-native-keychain:extractDeepLinksForAarRelease UP-TO-DATE
> Task :react-native-fs:extractReleaseAnnotations UP-TO-DATE
> Task :react-native-fs:mergeReleaseGeneratedProguardFiles UP-TO-DATE
> Task :react-native-fs:mergeReleaseConsumerProguardFiles UP-TO-DATE
> Task :react-native-fs:mergeReleaseJavaResource UP-TO-DATE
> Task :react-native-config:extractReleaseAnnotations UP-TO-DATE
> Task :react-native-fs:syncReleaseLibJars UP-TO-DATE
> Task :react-native-config:mergeReleaseGeneratedProguardFiles UP-TO-DATE
> Task :react-native-config:mergeReleaseConsumerProguardFiles UP-TO-DATE
> Task :react-native-fs:bundleReleaseLocalLintAar UP-TO-DATE
> Task :react-native-config:mergeReleaseJavaResource UP-TO-DATE
> Task :react-native-config:syncReleaseLibJars UP-TO-DATE
> Task :react-native-config:bundleReleaseLocalLintAar UP-TO-DATE
> Task :react-native-keychain:extractReleaseAnnotations UP-TO-DATE
> Task :react-native-keychain:mergeReleaseGeneratedProguardFiles UP-TO-DATE
> Task :react-native-keychain:mergeReleaseConsumerProguardFiles UP-TO-DATE
> Task :react-native-keychain:mergeReleaseJavaResource UP-TO-DATE
> Task :react-native-keychain:syncReleaseLibJars UP-TO-DATE
> Task :react-native-maps:checkReleaseAarMetadata UP-TO-DATE
> Task :react-native-keychain:bundleReleaseLocalLintAar UP-TO-DATE
> Task :react-native-maps:stripReleaseDebugSymbols NO-SOURCE
> Task :react-native-sound:checkReleaseAarMetadata UP-TO-DATE
> Task :react-native-maps:copyReleaseJniLibsProjectAndLocalJars UP-TO-DATE
> Task :react-native-sound:stripReleaseDebugSymbols NO-SOURCE
> Task :react-native-maps:extractDeepLinksForAarRelease UP-TO-DATE
> Task :react-native-sound:copyReleaseJniLibsProjectAndLocalJars UP-TO-DATE
> Task :react-native-sound:extractDeepLinksForAarRelease UP-TO-DATE
> Task :react-native-safe-area-context:checkReleaseAarMetadata UP-TO-DATE
> Task :react-native-safe-area-context:stripReleaseDebugSymbols NO-SOURCE
> Task :react-native-safe-area-context:copyReleaseJniLibsProjectAndLocalJars UP-TO-DATE
> Task :react-native-safe-area-context:extractDeepLinksForAarRelease UP-TO-DATE
> Task :react-native-maps:extractReleaseAnnotations UP-TO-DATE
> Task :react-native-maps:mergeReleaseGeneratedProguardFiles UP-TO-DATE
> Task :react-native-sound:extractReleaseAnnotations UP-TO-DATE
> Task :react-native-maps:mergeReleaseConsumerProguardFiles UP-TO-DATE
> Task :react-native-sound:mergeReleaseGeneratedProguardFiles UP-TO-DATE
> Task :react-native-maps:mergeReleaseJavaResource UP-TO-DATE
> Task :react-native-sound:mergeReleaseConsumerProguardFiles UP-TO-DATE
> Task :react-native-maps:syncReleaseLibJars UP-TO-DATE
> Task :react-native-sound:mergeReleaseJavaResource UP-TO-DATE
> Task :react-native-maps:bundleReleaseLocalLintAar UP-TO-DATE
> Task :react-native-sound:syncReleaseLibJars UP-TO-DATE
> Task :react-native-sound:bundleReleaseLocalLintAar UP-TO-DATE
> Task :react-native-safe-area-context:extractReleaseAnnotations UP-TO-DATE
> Task :react-native-safe-area-context:mergeReleaseGeneratedProguardFiles UP-TO-DATE
> Task :react-native-safe-area-context:mergeReleaseConsumerProguardFiles UP-TO-DATE
> Task :react-native-safe-area-context:mergeReleaseJavaResource UP-TO-DATE
> Task :react-native-safe-area-context:syncReleaseLibJars UP-TO-DATE
> Task :react-native-safe-area-context:bundleReleaseLocalLintAar UP-TO-DATE
> Task :react-native-vector-icons:checkReleaseAarMetadata UP-TO-DATE
> Task :react-native-track-player:checkReleaseAarMetadata UP-TO-DATE
> Task :react-native-track-player:stripReleaseDebugSymbols NO-SOURCE
> Task :react-native-vector-icons:stripReleaseDebugSymbols NO-SOURCE
> Task :react-native-track-player:copyReleaseJniLibsProjectAndLocalJars UP-TO-DATE
> Task :react-native-vector-icons:copyReleaseJniLibsProjectAndLocalJars UP-TO-DATE
> Task :react-native-vector-icons:extractDeepLinksForAarRelease UP-TO-DATE
> Task :react-native-track-player:extractDeepLinksForAarRelease UP-TO-DATE
> Task :react-native-vector-icons:extractReleaseAnnotations UP-TO-DATE
> Task :react-native-vector-icons:mergeReleaseGeneratedProguardFiles UP-TO-DATE
> Task :react-native-vector-icons:mergeReleaseConsumerProguardFiles UP-TO-DATE
> Task :react-native-webview:checkReleaseAarMetadata UP-TO-DATE
> Task :react-native-webview:stripReleaseDebugSymbols NO-SOURCE
> Task :react-native-webview:copyReleaseJniLibsProjectAndLocalJars UP-TO-DATE
> Task :react-native-webview:extractDeepLinksForAarRelease UP-TO-DATE
> Task :react-native-vector-icons:mergeReleaseJavaResource UP-TO-DATE
> Task :react-native-vector-icons:syncReleaseLibJars UP-TO-DATE
> Task :react-native-vector-icons:bundleReleaseLocalLintAar UP-TO-DATE
> Task :react-native-track-player:extractReleaseAnnotations UP-TO-DATE
> Task :react-native-track-player:mergeReleaseGeneratedProguardFiles UP-TO-DATE
> Task :react-native-track-player:mergeReleaseConsumerProguardFiles UP-TO-DATE
> Task :react-native-track-player:mergeReleaseJavaResource UP-TO-DATE
> Task :react-native-track-player:syncReleaseLibJars UP-TO-DATE
> Task :react-native-track-player:bundleReleaseLocalLintAar UP-TO-DATE
> Task :react-native-webview:extractReleaseAnnotations UP-TO-DATE
> Task :react-native-webview:mergeReleaseGeneratedProguardFiles UP-TO-DATE
> Task :react-native-webview:mergeReleaseConsumerProguardFiles UP-TO-DATE
> Task :react-native-webview:mergeReleaseJavaResource UP-TO-DATE
> Task :react-native-clipboard_clipboard:lintVitalAnalyzeRelease UP-TO-DATE
> Task :react-native-clipboard_clipboard:writeReleaseLintModelMetadata UP-TO-DATE
> Task :react-native-webview:syncReleaseLibJars UP-TO-DATE
> Task :react-native-webview:bundleReleaseLocalLintAar UP-TO-DATE
> Task :react-native-community_geolocation:lintVitalAnalyzeRelease UP-TO-DATE
> Task :react-native-community_geolocation:writeReleaseLintModelMetadata UP-TO-DATE
> Task :react-native-community_netinfo:lintVitalAnalyzeRelease UP-TO-DATE
> Task :react-native-community_netinfo:writeReleaseLintModelMetadata UP-TO-DATE
> Task :react-native-async-storage_async-storage:lintVitalAnalyzeRelease UP-TO-DATE
> Task :react-native-async-storage_async-storage:writeReleaseLintModelMetadata UP-TO-DATE
> Task :react-native-firebase_messaging:writeReleaseLintModelMetadata UP-TO-DATE
> Task :react-native-config:lintVitalAnalyzeRelease UP-TO-DATE
> Task :react-native-config:writeReleaseLintModelMetadata UP-TO-DATE
> Task :react-native-keychain:lintVitalAnalyzeRelease UP-TO-DATE
> Task :react-native-firebase_app:lintVitalAnalyzeRelease UP-TO-DATE
> Task :react-native-firebase_app:writeReleaseLintModelMetadata UP-TO-DATE
> Task :react-native-fs:lintVitalAnalyzeRelease UP-TO-DATE
> Task :react-native-fs:writeReleaseLintModelMetadata UP-TO-DATE
> Task :react-native-keychain:writeReleaseLintModelMetadata UP-TO-DATE
> Task :react-native-safe-area-context:lintVitalAnalyzeRelease UP-TO-DATE
> Task :react-native-safe-area-context:writeReleaseLintModelMetadata UP-TO-DATE
> Task :react-native-firebase_messaging:lintVitalAnalyzeRelease UP-TO-DATE
> Task :react-native-maps:lintVitalAnalyzeRelease UP-TO-DATE
> Task :react-native-maps:writeReleaseLintModelMetadata UP-TO-DATE
> Task :react-native-track-player:lintVitalAnalyzeRelease UP-TO-DATE
> Task :react-native-track-player:writeReleaseLintModelMetadata UP-TO-DATE
> Task :react-native-vector-icons:lintVitalAnalyzeRelease UP-TO-DATE
> Task :react-native-vector-icons:writeReleaseLintModelMetadata UP-TO-DATE
> Task :react-native-async-storage_async-storage:generateReleaseLintVitalModel UP-TO-DATE
> Task :react-native-clipboard_clipboard:generateReleaseLintVitalModel UP-TO-DATE
> Task :react-native-webview:lintVitalAnalyzeRelease UP-TO-DATE
> Task :react-native-sound:lintVitalAnalyzeRelease UP-TO-DATE
> Task :react-native-community_geolocation:generateReleaseLintVitalModel UP-TO-DATE
> Task :react-native-sound:writeReleaseLintModelMetadata UP-TO-DATE
> Task :react-native-webview:writeReleaseLintModelMetadata UP-TO-DATE
> Task :react-native-config:generateReleaseLintVitalModel UP-TO-DATE
> Task :react-native-community_netinfo:generateReleaseLintVitalModel UP-TO-DATE
> Task :react-native-firebase_app:generateReleaseLintVitalModel UP-TO-DATE
> Task :react-native-firebase_messaging:generateReleaseLintVitalModel UP-TO-DATE
> Task :react-native-fs:generateReleaseLintVitalModel UP-TO-DATE
> Task :react-native-keychain:generateReleaseLintVitalModel UP-TO-DATE
> Task :react-native-sound:generateReleaseLintVitalModel UP-TO-DATE
> Task :react-native-safe-area-context:generateReleaseLintVitalModel UP-TO-DATE
> Task :react-native-vector-icons:generateReleaseLintVitalModel UP-TO-DATE
> Task :react-native-webview:generateReleaseLintVitalModel UP-TO-DATE
> Task :react-native-maps:generateReleaseLintVitalModel UP-TO-DATE
> Task :react-native-track-player:generateReleaseLintVitalModel UP-TO-DATE
> Task :app:configureCMakeRelWithDebInfo[arm64-v8a]
> Task :app:buildCMakeRelWithDebInfo[arm64-v8a]
> Task :app:configureCMakeRelWithDebInfo[armeabi-v7a]
> Task :app:buildCMakeRelWithDebInfo[armeabi-v7a]
C/C++: CMake Error:
C/C++:   Running
C/C++:    'D:\Android\Sdk\cmake\3.22.1\bin\ninja.exe' '-C' 'D:/CoGGSafe/frontend/android/app/.cxx/RelWithDebInfo/1s28275l/armeabi-v7a' '-t' 'restat' 'build.ninja'
C/C++:   failed with:
C/C++:    ninja: error: failed recompaction: Permission denied
C/C++: CMake Generate step failed.  Build files cannot be regenerated correctly.
C/C++: ninja: error: rebuilding 'build.ninja': subcommand failed

> Task :app:buildCMakeRelWithDebInfo[armeabi-v7a] FAILED

[Incubating] Problems report is available at: file:///D:/CoGGSafe/frontend/android/build/reports/problems/problems-report.html

FAILURE: Build failed with an exception.

* What went wrong:
Execution failed for task ':app:buildCMakeRelWithDebInfo[armeabi-v7a]'.
> com.android.ide.common.process.ProcessException: -- Configuring done
  -- Generating done
  -- Build files have been written to: D:/CoGGSafe/frontend/android/app/.cxx/RelWithDebInfo/1s28275l/armeabi-v7a
  -- Configuring done
  -- Generating done
  ninja: Entering directory `D:\CoGGSafe\frontend\android\app\.cxx\RelWithDebInfo\1s28275l\armeabi-v7a'
  [0/2] Re-checking globbed directories...
  [1/2] Re-running CMake...
  FAILED: build.ninja 
  D:\Android\Sdk\cmake\3.22.1\bin\cmake.exe --regenerate-during-build -SD:\CoGGSafe\frontend\node_modules\react-native\ReactAndroid\cmake-utils\default-app-setup -BD:\CoGGSafe\frontend\android\app\.cxx\RelWithDebInfo\1s28275l\armeabi-v7a
  ninja: Entering directory `D:\CoGGSafe\frontend\android\app\.cxx\RelWithDebInfo\1s28275l\armeabi-v7a'
  [0/2] Re-checking globbed directories...
  [1/2] Re-running CMake...
  [0/2] Re-checking globbed directories...
  [1/67] Building CXX object RNCConfigSpec_autolinked_build/CMakeFiles/react_codegen_RNCConfigSpec.dir/react/renderer/components/RNCConfigSpec/EventEmitters.cpp.o
  [2/67] Building CXX object RNCConfigSpec_autolinked_build/CMakeFiles/react_codegen_RNCConfigSpec.dir/react/renderer/components/RNCConfigSpec/Props.cpp.o
  [3/67] Building CXX object RNCConfigSpec_autolinked_build/CMakeFiles/react_codegen_RNCConfigSpec.dir/RNCConfigSpec-generated.cpp.o
  [4/67] Building CXX object RNCConfigSpec_autolinked_build/CMakeFiles/react_codegen_RNCConfigSpec.dir/react/renderer/components/RNCConfigSpec/ShadowNodes.cpp.o
  [5/67] Building CXX object RNCConfigSpec_autolinked_build/CMakeFiles/react_codegen_RNCConfigSpec.dir/react/renderer/components/RNCConfigSpec/ComponentDescriptors.cpp.o
  [6/67] Building CXX object rnasyncstorage_autolinked_build/CMakeFiles/react_codegen_rnasyncstorage.dir/react/renderer/components/rnasyncstorage/EventEmitters.cpp.o
  [7/67] Building CXX object CMakeFiles/appmodules.dir/OnLoad.cpp.o
  [8/67] Building CXX object rnasyncstorage_autolinked_build/CMakeFiles/react_codegen_rnasyncstorage.dir/react/renderer/components/rnasyncstorage/ComponentDescriptors.cpp.o
  [9/67] Building CXX object rnasyncstorage_autolinked_build/CMakeFiles/react_codegen_rnasyncstorage.dir/react/renderer/components/rnasyncstorage/ShadowNodes.cpp.o
  [10/67] Building CXX object rnclipboard_autolinked_build/CMakeFiles/react_codegen_rnclipboard.dir/react/renderer/components/rnclipboard/ComponentDescriptors.cpp.o
  [11/67] Building CXX object rnasyncstorage_autolinked_build/CMakeFiles/react_codegen_rnasyncstorage.dir/react/renderer/components/rnasyncstorage/Props.cpp.o
  [12/67] Building CXX object rnasyncstorage_autolinked_build/CMakeFiles/react_codegen_rnasyncstorage.dir/rnasyncstorage-generated.cpp.o
  [13/67] Building CXX object rnasyncstorage_autolinked_build/CMakeFiles/react_codegen_rnasyncstorage.dir/react/renderer/components/rnasyncstorage/States.cpp.o
  [14/67] Building CXX object rnclipboard_autolinked_build/CMakeFiles/react_codegen_rnclipboard.dir/react/renderer/components/rnclipboard/EventEmitters.cpp.o
  [15/67] Building CXX object rnclipboard_autolinked_build/CMakeFiles/react_codegen_rnclipboard.dir/react/renderer/components/rnclipboard/States.cpp.o
  [16/67] Building CXX object CMakeFiles/appmodules.dir/D_/CoGGSafe/frontend/android/app/build/generated/autolinking/src/main/jni/autolinking.cpp.o
  [17/67] Building CXX object rnclipboard_autolinked_build/CMakeFiles/react_codegen_rnclipboard.dir/react/renderer/components/rnclipboard/ShadowNodes.cpp.o
  [18/67] Building CXX object RNCGeolocationSpec_autolinked_build/CMakeFiles/react_codegen_RNCGeolocationSpec.dir/react/renderer/components/RNCGeolocationSpec/EventEmitters.cpp.o
  [19/67] Building CXX object rnclipboard_autolinked_build/CMakeFiles/react_codegen_rnclipboard.dir/rnclipboard-generated.cpp.o
  [20/67] Building CXX object rnclipboard_autolinked_build/CMakeFiles/react_codegen_rnclipboard.dir/react/renderer/components/rnclipboard/Props.cpp.o
  [21/67] Building CXX object RNCGeolocationSpec_autolinked_build/CMakeFiles/react_codegen_RNCGeolocationSpec.dir/react/renderer/components/RNCGeolocationSpec/States.cpp.o
  [22/67] Building CXX object RNCGeolocationSpec_autolinked_build/CMakeFiles/react_codegen_RNCGeolocationSpec.dir/react/renderer/components/RNCGeolocationSpec/Props.cpp.o
  [23/67] Building CXX object RNCGeolocationSpec_autolinked_build/CMakeFiles/react_codegen_RNCGeolocationSpec.dir/RNCGeolocationSpec-generated.cpp.o
  [24/67] Building CXX object RNCNetInfoSpec_autolinked_build/CMakeFiles/react_codegen_RNCNetInfoSpec.dir/react/renderer/components/RNCNetInfoSpec/Props.cpp.o
  [25/67] Building CXX object RNCGeolocationSpec_autolinked_build/CMakeFiles/react_codegen_RNCGeolocationSpec.dir/react/renderer/components/RNCGeolocationSpec/ShadowNodes.cpp.o
  [26/67] Building CXX object RNCGeolocationSpec_autolinked_build/CMakeFiles/react_codegen_RNCGeolocationSpec.dir/react/renderer/components/RNCGeolocationSpec/ComponentDescriptors.cpp.o
  [27/67] Building CXX object RNCNetInfoSpec_autolinked_build/CMakeFiles/react_codegen_RNCNetInfoSpec.dir/react/renderer/components/RNCNetInfoSpec/EventEmitters.cpp.o
  [28/67] Building CXX object RNCNetInfoSpec_autolinked_build/CMakeFiles/react_codegen_RNCNetInfoSpec.dir/react/renderer/components/RNCNetInfoSpec/ComponentDescriptors.cpp.o
  [29/67] Building CXX object RNKeychainSpec_autolinked_build/CMakeFiles/react_codegen_RNKeychainSpec.dir/RNKeychainSpec-generated.cpp.o
  FAILED: RNKeychainSpec_autolinked_build/CMakeFiles/react_codegen_RNKeychainSpec.dir/RNKeychainSpec-generated.cpp.o 
  D:\Android\Sdk\ndk\26.1.10909125\toolchains\llvm\prebuilt\windows-x86_64\bin\clang++.exe --target=armv7-none-linux-androideabi24 --sysroot=D:/Android/Sdk/ndk/26.1.10909125/toolchains/llvm/prebuilt/windows-x86_64/sysroot -DHERMES_V1_ENABLED=1 -DRN_SERIALIZABLE_STATE -ID:/CoGGSafe/frontend/node_modules/react-native-keychain/android/build/generated/source/codegen/jni/. -ID:/CoGGSafe/frontend/node_modules/react-native-keychain/android/build/generated/source/codegen/jni/react/renderer/components/RNKeychainSpec -isystem C:/Users/Smart/.gradle/caches/9.4.1/transforms/6f3d5b6f3f3bd7288650eab013672850/transformed/fbjni-0.7.0/prefab/modules/fbjni/include -isystem C:/Users/Smart/.gradle/caches/9.4.1/transforms/ed023083dadaf63a69b1f5baf0c40a36/transformed/react-android-0.87.0-release/prefab/modules/jsi/include -isystem C:/Users/Smart/.gradle/caches/9.4.1/transforms/ed023083dadaf63a69b1f5baf0c40a36/transformed/react-android-0.87.0-release/prefab/modules/reactnative/include -g -DANDROID -fdata-sections -ffunction-sections -funwind-tables -fstack-protector-strong -no-canonical-prefixes -D_FORTIFY_SOURCE=2 -march=armv7-a -mthumb -Wformat -Werror=format-security   -O2 -g -DNDEBUG -fPIC -Wall -Werror -fexceptions -frtti -std=c++20 -DFOLLY_NO_CONFIG=1 -DLOG_TAG=\"ReactNative\" -DFOLLY_HAVE_CLOCK_GETTIME=1 -DFOLLY_USE_LIBCPP=1 -DFOLLY_CFG_NO_COROUTINES=1 -DFOLLY_MOBILE=1 -DFOLLY_HAVE_RECVMMSG=1 -DFOLLY_HAVE_PTHREAD=1 -DFOLLY_HAVE_XSI_STRERROR_R=1 -MD -MT RNKeychainSpec_autolinked_build/CMakeFiles/react_codegen_RNKeychainSpec.dir/RNKeychainSpec-generated.cpp.o -MF RNKeychainSpec_autolinked_build\CMakeFiles\react_codegen_RNKeychainSpec.dir\RNKeychainSpec-generated.cpp.o.d -o RNKeychainSpec_autolinked_build/CMakeFiles/react_codegen_RNKeychainSpec.dir/RNKeychainSpec-generated.cpp.o -c D:/CoGGSafe/frontend/node_modules/react-native-keychain/android/build/generated/source/codegen/jni/RNKeychainSpec-generated.cpp
  In file included from D:/CoGGSafe/frontend/node_modules/react-native-keychain/android/build/generated/source/codegen/jni/RNKeychainSpec-generated.cpp:11:
  In file included from D:/CoGGSafe/frontend/node_modules/react-native-keychain/android/build/generated/source/codegen/jni/./RNKeychainSpec.h:13:
  In file included from C:/Users/Smart/.gradle/caches/9.4.1/transforms/ed023083dadaf63a69b1f5baf0c40a36/transformed/react-android-0.87.0-release/prefab/modules/reactnative/include/ReactCommon/JavaTurboModule.h:13:
  In file included from C:/Users/Smart/.gradle/caches/9.4.1/transforms/ed023083dadaf63a69b1f5baf0c40a36/transformed/react-android-0.87.0-release/prefab/modules/reactnative/include/ReactCommon/TurboModule.h:14:
  C:/Users/Smart/.gradle/caches/9.4.1/transforms/ed023083dadaf63a69b1f5baf0c40a36/transformed/react-android-0.87.0-release/prefab/modules/jsi/include/jsi/jsi.h:2266:10: fatal error: 'jsi/jsi-inl.h' file not found
  #include <jsi/jsi-inl.h>
           ^~~~~~~~~~~~~~~
  1 error generated.
  [30/67] Building CXX object RNCNetInfoSpec_autolinked_build/CMakeFiles/react_codegen_RNCNetInfoSpec.dir/react/renderer/components/RNCNetInfoSpec/ShadowNodes.cpp.o
  FAILED: RNCNetInfoSpec_autolinked_build/CMakeFiles/react_codegen_RNCNetInfoSpec.dir/react/renderer/components/RNCNetInfoSpec/ShadowNodes.cpp.o 
  D:\Android\Sdk\ndk\26.1.10909125\toolchains\llvm\prebuilt\windows-x86_64\bin\clang++.exe --target=armv7-none-linux-androideabi24 --sysroot=D:/Android/Sdk/ndk/26.1.10909125/toolchains/llvm/prebuilt/windows-x86_64/sysroot -DHERMES_V1_ENABLED=1 -DRN_SERIALIZABLE_STATE -ID:/CoGGSafe/frontend/node_modules/@react-native-community/netinfo/android/build/generated/source/codegen/jni/. -ID:/CoGGSafe/frontend/node_modules/@react-native-community/netinfo/android/build/generated/source/codegen/jni/react/renderer/components/RNCNetInfoSpec -isystem C:/Users/Smart/.gradle/caches/9.4.1/transforms/6f3d5b6f3f3bd7288650eab013672850/transformed/fbjni-0.7.0/prefab/modules/fbjni/include -isystem C:/Users/Smart/.gradle/caches/9.4.1/transforms/ed023083dadaf63a69b1f5baf0c40a36/transformed/react-android-0.87.0-release/prefab/modules/jsi/include -isystem C:/Users/Smart/.gradle/caches/9.4.1/transforms/ed023083dadaf63a69b1f5baf0c40a36/transformed/react-android-0.87.0-release/prefab/modules/reactnative/include -g -DANDROID -fdata-sections -ffunction-sections -funwind-tables -fstack-protector-strong -no-canonical-prefixes -D_FORTIFY_SOURCE=2 -march=armv7-a -mthumb -Wformat -Werror=format-security   -O2 -g -DNDEBUG -fPIC -Wall -Werror -fexceptions -frtti -std=c++20 -DFOLLY_NO_CONFIG=1 -DLOG_TAG=\"ReactNative\" -DFOLLY_HAVE_CLOCK_GETTIME=1 -DFOLLY_USE_LIBCPP=1 -DFOLLY_CFG_NO_COROUTINES=1 -DFOLLY_MOBILE=1 -DFOLLY_HAVE_RECVMMSG=1 -DFOLLY_HAVE_PTHREAD=1 -DFOLLY_HAVE_XSI_STRERROR_R=1 -MD -MT RNCNetInfoSpec_autolinked_build/CMakeFiles/react_codegen_RNCNetInfoSpec.dir/react/renderer/components/RNCNetInfoSpec/ShadowNodes.cpp.o -MF RNCNetInfoSpec_autolinked_build\CMakeFiles\react_codegen_RNCNetInfoSpec.dir\react\renderer\components\RNCNetInfoSpec\ShadowNodes.cpp.o.d -o RNCNetInfoSpec_autolinked_build/CMakeFiles/react_codegen_RNCNetInfoSpec.dir/react/renderer/components/RNCNetInfoSpec/ShadowNodes.cpp.o -c D:/CoGGSafe/frontend/node_modules/@react-native-community/netinfo/android/build/generated/source/codegen/jni/react/renderer/components/RNCNetInfoSpec/ShadowNodes.cpp
  In file included from D:/CoGGSafe/frontend/node_modules/@react-native-community/netinfo/android/build/generated/source/codegen/jni/react/renderer/components/RNCNetInfoSpec/ShadowNodes.cpp:11:
  In file included from D:/CoGGSafe/frontend/node_modules/@react-native-community/netinfo/android/build/generated/source/codegen/jni/./react/renderer/components/RNCNetInfoSpec/ShadowNodes.h:13:
  In file included from D:/CoGGSafe/frontend/node_modules/@react-native-community/netinfo/android/build/generated/source/codegen/jni/./react/renderer/components/RNCNetInfoSpec/EventEmitters.h:12:
  In file included from C:/Users/Smart/.gradle/caches/9.4.1/transforms/ed023083dadaf63a69b1f5baf0c40a36/transformed/react-android-0.87.0-release/prefab/modules/reactnative/include/react/renderer/components/view/ViewEventEmitter.h:10:
  In file included from C:/Users/Smart/.gradle/caches/9.4.1/transforms/ed023083dadaf63a69b1f5baf0c40a36/transformed/react-android-0.87.0-release/prefab/modules/reactnative/include/react/renderer/components/view/HostPlatformViewEventEmitter.h:10:
  In file included from C:/Users/Smart/.gradle/caches/9.4.1/transforms/ed023083dadaf63a69b1f5baf0c40a36/transformed/react-android-0.87.0-release/prefab/modules/reactnative/include/react/renderer/components/view/BaseViewEventEmitter.h:16:
  In file included from C:/Users/Smart/.gradle/caches/9.4.1/transforms/ed023083dadaf63a69b1f5baf0c40a36/transformed/react-android-0.87.0-release/prefab/modules/reactnative/include/react/renderer/components/view/TouchEventEmitter.h:10:
  In file included from C:/Users/Smart/.gradle/caches/9.4.1/transforms/ed023083dadaf63a69b1f5baf0c40a36/transformed/react-android-0.87.0-release/prefab/modules/reactnative/include/react/renderer/components/view/PointerEvent.h:10:
  In file included from C:/Users/Smart/.gradle/caches/9.4.1/transforms/ed023083dadaf63a69b1f5baf0c40a36/transformed/react-android-0.87.0-release/prefab/modules/reactnative/include/react/renderer/core/EventPayload.h:10:
  C:/Users/Smart/.gradle/caches/9.4.1/transforms/ed023083dadaf63a69b1f5baf0c40a36/transformed/react-android-0.87.0-release/prefab/modules/jsi/include/jsi/jsi.h:2266:10: fatal error: 'jsi/jsi-inl.h' file not found
  -- Configuring done
  #include <jsi/jsi-inl.h>
           ^~~~~~~~~~~~~~~
  1 error generated.
  [31/67] Building CXX object RNCNetInfoSpec_autolinked_build/CMakeFiles/react_codegen_RNCNetInfoSpec.dir/RNCNetInfoSpec-generated.cpp.o
  [32/67] Building CXX object RNCNetInfoSpec_autolinked_build/CMakeFiles/react_codegen_RNCNetInfoSpec.dir/react/renderer/components/RNCNetInfoSpec/States.cpp.o
  [33/67] Building CXX object RNKeychainSpec_autolinked_build/CMakeFiles/react_codegen_RNKeychainSpec.dir/react/renderer/components/RNKeychainSpec/ComponentDescriptors.cpp.o
  FAILED: RNKeychainSpec_autolinked_build/CMakeFiles/react_codegen_RNKeychainSpec.dir/react/renderer/components/RNKeychainSpec/ComponentDescriptors.cpp.o 
  D:\Android\Sdk\ndk\26.1.10909125\toolchains\llvm\prebuilt\windows-x86_64\bin\clang++.exe --target=armv7-none-linux-androideabi24 --sysroot=D:/Android/Sdk/ndk/26.1.10909125/toolchains/llvm/prebuilt/windows-x86_64/sysroot -DHERMES_V1_ENABLED=1 -DRN_SERIALIZABLE_STATE -ID:/CoGGSafe/frontend/node_modules/react-native-keychain/android/build/generated/source/codegen/jni/. -ID:/CoGGSafe/frontend/node_modules/react-native-keychain/android/build/generated/source/codegen/jni/react/renderer/components/RNKeychainSpec -isystem C:/Users/Smart/.gradle/caches/9.4.1/transforms/6f3d5b6f3f3bd7288650eab013672850/transformed/fbjni-0.7.0/prefab/modules/fbjni/include -isystem C:/Users/Smart/.gradle/caches/9.4.1/transforms/ed023083dadaf63a69b1f5baf0c40a36/transformed/react-android-0.87.0-release/prefab/modules/jsi/include -isystem C:/Users/Smart/.gradle/caches/9.4.1/transforms/ed023083dadaf63a69b1f5baf0c40a36/transformed/react-android-0.87.0-release/prefab/modules/reactnative/include -g -DANDROID -fdata-sections -ffunction-sections -funwind-tables -fstack-protector-strong -no-canonical-prefixes -D_FORTIFY_SOURCE=2 -march=armv7-a -mthumb -Wformat -Werror=format-security   -O2 -g -DNDEBUG -fPIC -Wall -Werror -fexceptions -frtti -std=c++20 -DFOLLY_NO_CONFIG=1 -DLOG_TAG=\"ReactNative\" -DFOLLY_HAVE_CLOCK_GETTIME=1 -DFOLLY_USE_LIBCPP=1 -DFOLLY_CFG_NO_COROUTINES=1 -DFOLLY_MOBILE=1 -DFOLLY_HAVE_RECVMMSG=1 -DFOLLY_HAVE_PTHREAD=1 -DFOLLY_HAVE_XSI_STRERROR_R=1 -MD -MT RNKeychainSpec_autolinked_build/CMakeFiles/react_codegen_RNKeychainSpec.dir/react/renderer/components/RNKeychainSpec/ComponentDescriptors.cpp.o -MF RNKeychainSpec_autolinked_build\CMakeFiles\react_codegen_RNKeychainSpec.dir\react\renderer\components\RNKeychainSpec\ComponentDescriptors.cpp.o.d -o RNKeychainSpec_autolinked_build/CMakeFiles/react_codegen_RNKeychainSpec.dir/react/renderer/components/RNKeychainSpec/ComponentDescriptors.cpp.o -c D:/CoGGSafe/frontend/node_modules/react-native-keychain/android/build/generated/source/codegen/jni/react/renderer/components/RNKeychainSpec/ComponentDescriptors.cpp
  In file included from D:/CoGGSafe/frontend/node_modules/react-native-keychain/android/build/generated/source/codegen/jni/react/renderer/components/RNKeychainSpec/ComponentDescriptors.cpp:11:
  In file included from D:/CoGGSafe/frontend/node_modules/react-native-keychain/android/build/generated/source/codegen/jni/./react/renderer/components/RNKeychainSpec/ComponentDescriptors.h:13:
  In file included from D:/CoGGSafe/frontend/node_modules/react-native-keychain/android/build/generated/source/codegen/jni/./react/renderer/components/RNKeychainSpec/ShadowNodes.h:13:
  In file included from D:/CoGGSafe/frontend/node_modules/react-native-keychain/android/build/generated/source/codegen/jni/./react/renderer/components/RNKeychainSpec/EventEmitters.h:12:
  In file included from C:/Users/Smart/.gradle/caches/9.4.1/transforms/ed023083dadaf63a69b1f5baf0c40a36/transformed/react-android-0.87.0-release/prefab/modules/reactnative/include/react/renderer/components/view/ViewEventEmitter.h:10:
  In file included from C:/Users/Smart/.gradle/caches/9.4.1/transforms/ed023083dadaf63a69b1f5baf0c40a36/transformed/react-android-0.87.0-release/prefab/modules/reactnative/include/react/renderer/components/view/HostPlatformViewEventEmitter.h:10:
  In file included from C:/Users/Smart/.gradle/caches/9.4.1/transforms/ed023083dadaf63a69b1f5baf0c40a36/transformed/react-android-0.87.0-release/prefab/modules/reactnative/include/react/renderer/components/view/BaseViewEventEmitter.h:16:
  In file included from C:/Users/Smart/.gradle/caches/9.4.1/transforms/ed023083dadaf63a69b1f5baf0c40a36/transformed/react-android-0.87.0-release/prefab/modules/reactnative/include/react/renderer/components/view/TouchEventEmitter.h:10:
  In file included from C:/Users/Smart/.gradle/caches/9.4.1/transforms/ed023083dadaf63a69b1f5baf0c40a36/transformed/react-android-0.87.0-release/prefab/modules/reactnative/include/react/renderer/components/view/PointerEvent.h:10:
  In file included from C:/Users/Smart/.gradle/caches/9.4.1/transforms/ed023083dadaf63a69b1f5baf0c40a36/transformed/react-android-0.87.0-release/prefab/modules/reactnative/include/react/renderer/core/EventPayload.h:10:
  C:/Users/Smart/.gradle/caches/9.4.1/transforms/ed023083dadaf63a69b1f5baf0c40a36/transformed/react-android-0.87.0-release/prefab/modules/jsi/include/jsi/jsi.h:2266:10: fatal error: 'jsi/jsi-inl.h' file not found
  #i-- Generating done
  ninja: Entering directory `D:\CoGGSafe\frontend\android\app\.cxx\RelWithDebInfo\1s28275l\armeabi-v7a'
  [0/2] Re-checking globbed directories...
  [1/2] Re-running CMake...
  FAILED: build.ninja 
  D:\Android\Sdk\cmake\3.22.1\bin\cmake.exe --regenerate-during-build -SD:\CoGGSafe\frontend\node_modules\react-native\ReactAndroid\cmake-utils\default-app-setup -BD:\CoGGSafe\frontend\android\app\.cxx\RelWithDebInfo\1s28275l\armeabi-v7a
  
  C++ build system [build] failed while executing:
      @echo off
      "D:\\Android\\Sdk\\cmake\\3.22.1\\bin\\ninja.exe" ^
        -C ^
        "D:\\CoGGSafe\\frontend\\android\\app\\.cxx\\RelWithDebInfo\\1s28275l\\armeabi-v7a" ^
        appmodules ^
        react_codegen_safeareacontext
    from D:\CoGGSafe\frontend\android\app
  CMake Error:
    Running
  
     'D:\Android\Sdk\cmake\3.22.1\bin\ninja.exe' '-C' 'D:/CoGGSafe/frontend/android/app/.cxx/RelWithDebInfo/1s28275l/armeabi-v7a' '-t' 'restat' 'build.ninja'
  
    failed with:
  
     ninja: error: failed recompaction: Permission denied
  
  
  
  CMake Generate step failed.  Build files cannot be regenerated correctly.
  ninja: error: rebuilding 'build.ninja': subcommand failed
  CMake Error:
    Running
  
     'D:\Android\Sdk\cmake\3.22.1\bin\ninja.exe' '-C' 'D:/CoGGSafe/frontend/android/app/.cxx/RelWithDebInfo/1s28275l/armeabi-v7a' '-t' 'restat' 'build.ninja'
  
    failed with:
  
     ninja: error: failed recompaction: Permission denied
  
  
  
  CMake Generate step failed.  Build files cannot be regenerated correctly.
  ninja: error: rebuilding 'build.ninja': subcommand failed

* Try:
> Run with --stacktrace option to get the stack trace.
> Run with --info or --debug option to get more log output.
> Run with --scan to get full insights from a Build Scan (powered by Develocity).
> Get more help at https://help.gradle.org.

Deprecated Gradle features were used in this build, making it incompatible with Gradle 10.

You can use '--warning-mode all' to show the individual deprecation warnings and determine if they come from your own scripts or plugins.

For more on this, please refer to https://docs.gradle.org/9.4.1/userguide/command_line_interface.html#sec:command_line_warnings in the Gradle documentation.

BUILD FAILED in 9m 16s
579 actionable tasks: 4 executed, 575 up-to-date

D:\CoGGSafe\frontend\android>if 1 EQU 0 goto mainEnd 

D:\CoGGSafe\frontend\android>rem Set variable GRADLE_EXIT_CONSOLE if you need the _script_ return code instead of 

D:\CoGGSafe\frontend\android>rem the _cmd.exe /c_ return code! 

D:\CoGGSafe\frontend\android>set EXIT_CODE=1 

D:\CoGGSafe\frontend\android>if 1 EQU 0 set EXIT_CODE=1 

D:\CoGGSafe\frontend\android>if not "" == "" exit 1 

D:\CoGGSafe\frontend\android>exit /b 1 
